//  All compilation/linker errors fixed!